MemTotal:        3768292 kB
MemFree:          831872 kB
Buffers:          153268 kB
Cached:          1622412 kB
SwapCached:            0 kB
Active:          1287508 kB
Inactive:        1297924 kB
Active(anon):     811384 kB
Inactive(anon):   227652 kB
Active(file):     476124 kB
Inactive(file):  1070272 kB
Unevictable:         196 kB
Mlocked:             196 kB
SwapTotal:       7907324 kB
SwapFree:        7907324 kB
Dirty:               228 kB
Writeback:             0 kB
AnonPages:        809948 kB
Mapped:           226452 kB
Shmem:            229284 kB
Slab:             210268 kB
SReclaimable:     148028 kB
SUnreclaim:        62240 kB
KernelStack:        4344 kB
PageTables:        37932 kB
NFS_Unstable:          0 kB
Bounce:                0 kB
WritebackTmp:          0 kB
CommitLimit:     9791468 kB
Committed_AS:    4513904 kB
VmallocTotal:   34359738367 kB
VmallocUsed:      368496 kB
VmallocChunk:   34359365956 kB
HardwareCorrupted:     0 kB
AnonHugePages:         0 kB
HugePages_Total:       0
HugePages_Free:        0
HugePages_Rsvd:        0
HugePages_Surp:        0
Hugepagesize:       2048 kB
DirectMap4k:      126592 kB
DirectMap2M:     3786752 kB
